Vivado Simulator v2023.2
Copyright 1986-2022 Xilinx, Inc. All Rights Reserved.
Copyright 2022-2023 Advanced Micro Devices, Inc. All Rights Reserved.
Running: /home/prasanna/Xilinx_Vivado/Vivado/2023.2/bin/unwrapped/lnx64.o/xelab --incr --debug typical --relax --mt 8 -L xil_defaultlib -L unisims_ver -L unimacro_ver -L secureip --snapshot FIFOsyncasync_tb_behav xil_defaultlib.FIFOsyncasync_tb xil_defaultlib.glbl -log elaborate.log 
Using 8 slave threads.
Starting static elaboration
Pass Through NonSizing Optimizer
Completed static elaboration
Starting simulation data flow analysis
Completed simulation data flow analysis
Time Resolution for simulation is 1ps
Compiling module xil_defaultlib.sync_fifo_write_pointer(addressi...
Compiling module xil_defaultlib.sync_fifo_read_pointer(addressiz...
Compiling module xil_defaultlib.fifi_memory(addressize=2)
Compiling module xil_defaultlib.FIFOsyncasync_top(addressize=2,p...
Compiling module xil_defaultlib.async_fifo_write_pointer(address...
Compiling module xil_defaultlib.async_fifo_read_pointer(addressi...
Compiling module xil_defaultlib.async_rptr_sync_wd(addressize=2)
Compiling module xil_defaultlib.async_wptr_sync_rd(addressize=2)
Compiling module xil_defaultlib.FIFOsyncasync_top(addressize=2,p...
Compiling module xil_defaultlib.FIFOsyncasync_tb
Compiling module xil_defaultlib.glbl
Built simulation snapshot FIFOsyncasync_tb_behav
